int test_function() {
  if (1 /* removed ye_olde_feature_toggle 3 */) {
    return 1;
  } else {
    return 0;
  }
}
